// Jest Snapshot v1, https://goo.gl/fbAQLP

exports[`should render Homepage correctly 1`] = `
<HomePage
  cars={
    Array [
      Object {
        "modelName": "i3",
      },
    ]
  }
  carsActions={
    Object {
      "addFavoriteCar": [Function],
      "addFavoriteCarFailure": [Function],
      "addFavoriteCarRequest": [Function],
      "addFavoriteCarSuccess": [Function],
      "changePageNumber": [Function],
      "getAllCars": [Function],
      "getCarsFailure": [Function],
      "getCarsRequest": [Function],
      "getCarsSuccess": [Function],
      "getSingleCar": [Function],
      "getSingleCarFailure": [Function],
      "getSingleCarRequest": [Function],
      "getSingleCarSuccess": [Function],
      "removeFavoriteCar": [Function],
      "removeFavoriteCarFailure": [Function],
      "removeFavoriteCarRequest": [Function],
      "removeFavoriteCarSuccess": [Function],
    }
  }
  colors={
    Array [
      "yellow",
    ]
  }
  colorsActions={
    Object {
      "getAllColors": [Function],
      "getColorsFailure": [Function],
      "getColorsRequest": [Function],
      "getColorsSuccess": [Function],
    }
  }
  dispatch={[Function]}
  manufacturers={
    Array [
      "BMW",
    ]
  }
  manufacturersActions={
    Object {
      "getAllManufacturers": [Function],
      "getManufacturersFailure": [Function],
      "getManufacturersRequest": [Function],
      "getManufacturersSuccess": [Function],
    }
  }
  store={
    Object {
      "clearActions": [Function],
      "dispatch": [Function],
      "getActions": [Function],
      "getState": [Function],
      "replaceReducer": [Function],
      "subscribe": [Function],
    }
  }
  storeSubscription={
    Subscription {
      "listeners": Object {
        "clear": [Function],
        "get": [Function],
        "notify": [Function],
        "subscribe": [Function],
      },
      "onStateChange": [Function],
      "parentSub": undefined,
      "store": Object {
        "clearActions": [Function],
        "dispatch": [Function],
        "getActions": [Function],
        "getState": [Function],
        "replaceReducer": [Function],
        "subscribe": [Function],
      },
      "unsubscribe": [Function],
    }
  }
/>
`;

exports[`should render Homepage with alt data correctly 1`] = `
<HomePage
  cars={
    Array [
      Object {
        "modelName": "i3",
      },
    ]
  }
  carsActions={
    Object {
      "addFavoriteCar": [Function],
      "addFavoriteCarFailure": [Function],
      "addFavoriteCarRequest": [Function],
      "addFavoriteCarSuccess": [Function],
      "changePageNumber": [Function],
      "getAllCars": [Function],
      "getCarsFailure": [Function],
      "getCarsRequest": [Function],
      "getCarsSuccess": [Function],
      "getSingleCar": [Function],
      "getSingleCarFailure": [Function],
      "getSingleCarRequest": [Function],
      "getSingleCarSuccess": [Function],
      "removeFavoriteCar": [Function],
      "removeFavoriteCarFailure": [Function],
      "removeFavoriteCarRequest": [Function],
      "removeFavoriteCarSuccess": [Function],
    }
  }
  colors={
    Array [
      "yellow",
    ]
  }
  colorsActions={
    Object {
      "getAllColors": [Function],
      "getColorsFailure": [Function],
      "getColorsRequest": [Function],
      "getColorsSuccess": [Function],
    }
  }
  dispatch={[Function]}
  manufacturers={
    Array [
      "BMW",
    ]
  }
  manufacturersActions={
    Object {
      "getAllManufacturers": [Function],
      "getManufacturersFailure": [Function],
      "getManufacturersRequest": [Function],
      "getManufacturersSuccess": [Function],
    }
  }
  store={
    Object {
      "clearActions": [Function],
      "dispatch": [Function],
      "getActions": [Function],
      "getState": [Function],
      "replaceReducer": [Function],
      "subscribe": [Function],
    }
  }
  storeSubscription={
    Subscription {
      "listeners": Object {
        "clear": [Function],
        "get": [Function],
        "notify": [Function],
        "subscribe": [Function],
      },
      "onStateChange": [Function],
      "parentSub": undefined,
      "store": Object {
        "clearActions": [Function],
        "dispatch": [Function],
        "getActions": [Function],
        "getState": [Function],
        "replaceReducer": [Function],
        "subscribe": [Function],
      },
      "unsubscribe": [Function],
    }
  }
/>
`;
